java.lang.ArithmeticException: / by zero
    at cruise.runtime.BeforeCustom.foo(BeforeCustomInOriginal.ump:16)
    at cruise.runtime.main(BeforeCustomInOriginal.ump:11)